Component: ARM Compiler 5.06 update 1 (build 61) Tool: armlink [4d35a8]

==============================================================================

Section Cross References

    startup_stm32f407xx.o(RESET) refers to startup_stm32f407xx.o(STACK) for __initial_sp
    startup_stm32f407xx.o(RESET) refers to startup_stm32f407xx.o(.text) for Reset_Handler
    startup_stm32f407xx.o(RESET) refers to stm32f4xx_it.o(i.NMI_Handler) for NMI_Handler
    startup_stm32f407xx.o(RESET) refers to stm32f4xx_it.o(i.HardFault_Handler) for HardFault_Handler
    startup_stm32f407xx.o(RESET) refers to stm32f4xx_it.o(i.MemManage_Handler) for MemManage_Handler
    startup_stm32f407xx.o(RESET) refers to stm32f4xx_it.o(i.BusFault_Handler) for BusFault_Handler
    startup_stm32f407xx.o(RESET) refers to stm32f4xx_it.o(i.UsageFault_Handler) for UsageFault_Handler
    startup_stm32f407xx.o(RESET) refers to stm32f4xx_it.o(i.SVC_Handler) for SVC_Handler
    startup_stm32f407xx.o(RESET) refers to stm32f4xx_it.o(i.DebugMon_Handler) for DebugMon_Handler
    startup_stm32f407xx.o(RESET) refers to stm32f4xx_it.o(i.PendSV_Handler) for PendSV_Handler
    startup_stm32f407xx.o(RESET) refers to stm32f4xx_it.o(i.SysTick_Handler) for SysTick_Handler
    startup_stm32f407xx.o(RESET) refers to stm32f4xx_it.o(i.USART1_IRQHandler) for USART1_IRQHandler
    startup_stm32f407xx.o(.text) refers to system_stm32f4xx.o(i.SystemInit) for SystemInit
    startup_stm32f407xx.o(.text) refers to entry.o(.ARM.Collect$$$$00000000) for __main
    main.o(i.SystemClock_Config) refers to stm32f4xx_ll_utils.o(i.LL_Init1msTick) for LL_Init1msTick
    main.o(i.SystemClock_Config) refers to stm32f4xx_ll_utils.o(i.LL_SetSystemCoreClock) for LL_SetSystemCoreClock
    main.o(i.main) refers to main.o(i.SystemClock_Config) for SystemClock_Config
    main.o(i.main) refers to usart.o(i.MX_USART1_UART_Init) for MX_USART1_UART_Init
    main.o(i.main) refers to ad9833.o(i.AD9833_Create) for AD9833_Create
    main.o(i.main) refers to ad9833.o(i.AD9833_Init) for AD9833_Init
    main.o(i.main) refers to serial.o(i.Serial_GetRxFlag) for Serial_GetRxFlag
    main.o(i.main) refers to serial.o(i.USART_ComandTask) for USART_ComandTask
    main.o(i.main) refers to ad9833.o(.data) for AD9833_dev1
    main.o(i.main) refers to serial.o(.data) for Serial_RxPacket
    gpio.o(i.MX_GPIO_Init) refers to memseta.o(.text) for __aeabi_memclr4
    gpio.o(i.MX_GPIO_Init) refers to gpio.o(i.LL_AHB1_GRP1_EnableClock) for LL_AHB1_GRP1_EnableClock
    gpio.o(i.MX_GPIO_Init) refers to stm32f4xx_ll_gpio.o(i.LL_GPIO_Init) for LL_GPIO_Init
    usart.o(i.MX_USART1_UART_Init) refers to memseta.o(.text) for __aeabi_memclr4
    usart.o(i.MX_USART1_UART_Init) refers to stm32f4xx_ll_gpio.o(i.LL_GPIO_Init) for LL_GPIO_Init
    usart.o(i.MX_USART1_UART_Init) refers to stm32f4xx_ll_usart.o(i.LL_USART_Init) for LL_USART_Init
    stm32f4xx_it.o(i.USART1_IRQHandler) refers to serial.o(i.USART1_IRQ_Task) for USART1_IRQ_Task
    stm32f4xx_ll_gpio.o(i.LL_GPIO_DeInit) refers to stm32f4xx_ll_gpio.o(i.LL_AHB1_GRP1_ForceReset) for LL_AHB1_GRP1_ForceReset
    stm32f4xx_ll_gpio.o(i.LL_GPIO_DeInit) refers to stm32f4xx_ll_gpio.o(i.LL_AHB1_GRP1_ReleaseReset) for LL_AHB1_GRP1_ReleaseReset
    stm32f4xx_ll_usart.o(i.LL_USART_DeInit) refers to stm32f4xx_ll_usart.o(i.LL_APB1_GRP1_ForceReset) for LL_APB1_GRP1_ForceReset
    stm32f4xx_ll_usart.o(i.LL_USART_DeInit) refers to stm32f4xx_ll_usart.o(i.LL_APB1_GRP1_ReleaseReset) for LL_APB1_GRP1_ReleaseReset
    stm32f4xx_ll_usart.o(i.LL_USART_Init) refers to stm32f4xx_ll_rcc.o(i.LL_RCC_GetSystemClocksFreq) for LL_RCC_GetSystemClocksFreq
    stm32f4xx_ll_usart.o(i.LL_USART_Init) refers to stm32f4xx_ll_usart.o(i.LL_USART_SetBaudRate) for LL_USART_SetBaudRate
    stm32f4xx_ll_usart.o(i.LL_USART_SetBaudRate) refers to uldiv.o(.text) for __aeabi_uldivmod
    stm32f4xx_ll_dma.o(i.LL_DMA_DeInit) refers to stm32f4xx_ll_dma.o(i.LL_DMA_SetChannelSelection) for LL_DMA_SetChannelSelection
    stm32f4xx_ll_dma.o(i.LL_DMA_DeInit) refers to stm32f4xx_ll_dma.o(.constdata) for .constdata
    stm32f4xx_ll_dma.o(i.LL_DMA_Init) refers to stm32f4xx_ll_dma.o(i.LL_DMA_SetChannelSelection) for LL_DMA_SetChannelSelection
    stm32f4xx_ll_dma.o(i.LL_DMA_Init) refers to stm32f4xx_ll_dma.o(.constdata) for .constdata
    stm32f4xx_ll_dma.o(i.LL_DMA_SetChannelSelection) refers to stm32f4xx_ll_dma.o(.constdata) for .constdata
    stm32f4xx_ll_rcc.o(i.LL_RCC_DeInit) refers to stm32f4xx_ll_rcc.o(i.LL_RCC_PLL_IsReady) for LL_RCC_PLL_IsReady
    stm32f4xx_ll_rcc.o(i.LL_RCC_GetI2SClockFreq) refers to stm32f4xx_ll_rcc.o(i.RCC_PLLI2S_GetFreqDomain_I2S) for RCC_PLLI2S_GetFreqDomain_I2S
    stm32f4xx_ll_rcc.o(i.LL_RCC_GetRNGClockFreq) refers to stm32f4xx_ll_rcc.o(i.LL_RCC_PLL_IsReady) for LL_RCC_PLL_IsReady
    stm32f4xx_ll_rcc.o(i.LL_RCC_GetRNGClockFreq) refers to stm32f4xx_ll_rcc.o(i.RCC_PLL_GetFreqDomain_48M) for RCC_PLL_GetFreqDomain_48M
    stm32f4xx_ll_rcc.o(i.LL_RCC_GetSDIOClockFreq) refers to stm32f4xx_ll_rcc.o(i.LL_RCC_PLL_IsReady) for LL_RCC_PLL_IsReady
    stm32f4xx_ll_rcc.o(i.LL_RCC_GetSDIOClockFreq) refers to stm32f4xx_ll_rcc.o(i.RCC_PLL_GetFreqDomain_48M) for RCC_PLL_GetFreqDomain_48M
    stm32f4xx_ll_rcc.o(i.LL_RCC_GetSystemClocksFreq) refers to stm32f4xx_ll_rcc.o(i.RCC_GetSystemClockFreq) for RCC_GetSystemClockFreq
    stm32f4xx_ll_rcc.o(i.LL_RCC_GetSystemClocksFreq) refers to stm32f4xx_ll_rcc.o(i.RCC_GetHCLKClockFreq) for RCC_GetHCLKClockFreq
    stm32f4xx_ll_rcc.o(i.LL_RCC_GetSystemClocksFreq) refers to stm32f4xx_ll_rcc.o(i.RCC_GetPCLK1ClockFreq) for RCC_GetPCLK1ClockFreq
    stm32f4xx_ll_rcc.o(i.LL_RCC_GetSystemClocksFreq) refers to stm32f4xx_ll_rcc.o(i.RCC_GetPCLK2ClockFreq) for RCC_GetPCLK2ClockFreq
    stm32f4xx_ll_rcc.o(i.LL_RCC_GetUSBClockFreq) refers to stm32f4xx_ll_rcc.o(i.LL_RCC_PLL_IsReady) for LL_RCC_PLL_IsReady
    stm32f4xx_ll_rcc.o(i.LL_RCC_GetUSBClockFreq) refers to stm32f4xx_ll_rcc.o(i.RCC_PLL_GetFreqDomain_48M) for RCC_PLL_GetFreqDomain_48M
    stm32f4xx_ll_rcc.o(i.RCC_GetHCLKClockFreq) refers to system_stm32f4xx.o(.constdata) for AHBPrescTable
    stm32f4xx_ll_rcc.o(i.RCC_GetPCLK1ClockFreq) refers to system_stm32f4xx.o(.constdata) for APBPrescTable
    stm32f4xx_ll_rcc.o(i.RCC_GetPCLK2ClockFreq) refers to system_stm32f4xx.o(.constdata) for APBPrescTable
    stm32f4xx_ll_rcc.o(i.RCC_GetSystemClockFreq) refers to stm32f4xx_ll_rcc.o(i.RCC_PLL_GetFreqDomain_SYS) for RCC_PLL_GetFreqDomain_SYS
    stm32f4xx_ll_utils.o(i.LL_PLL_ConfigSystemClock_HSE) refers to stm32f4xx_ll_utils.o(i.UTILS_PLL_IsBusy) for UTILS_PLL_IsBusy
    stm32f4xx_ll_utils.o(i.LL_PLL_ConfigSystemClock_HSE) refers to stm32f4xx_ll_utils.o(i.UTILS_GetPLLOutputFrequency) for UTILS_GetPLLOutputFrequency
    stm32f4xx_ll_utils.o(i.LL_PLL_ConfigSystemClock_HSE) refers to stm32f4xx_ll_utils.o(i.LL_RCC_PLL_ConfigDomain_SYS) for LL_RCC_PLL_ConfigDomain_SYS
    stm32f4xx_ll_utils.o(i.LL_PLL_ConfigSystemClock_HSE) refers to stm32f4xx_ll_utils.o(i.UTILS_EnablePLLAndSwitchSystem) for UTILS_EnablePLLAndSwitchSystem
    stm32f4xx_ll_utils.o(i.LL_PLL_ConfigSystemClock_HSI) refers to stm32f4xx_ll_utils.o(i.UTILS_PLL_IsBusy) for UTILS_PLL_IsBusy
    stm32f4xx_ll_utils.o(i.LL_PLL_ConfigSystemClock_HSI) refers to stm32f4xx_ll_utils.o(i.UTILS_GetPLLOutputFrequency) for UTILS_GetPLLOutputFrequency
    stm32f4xx_ll_utils.o(i.LL_PLL_ConfigSystemClock_HSI) refers to stm32f4xx_ll_utils.o(i.LL_RCC_PLL_ConfigDomain_SYS) for LL_RCC_PLL_ConfigDomain_SYS
    stm32f4xx_ll_utils.o(i.LL_PLL_ConfigSystemClock_HSI) refers to stm32f4xx_ll_utils.o(i.UTILS_EnablePLLAndSwitchSystem) for UTILS_EnablePLLAndSwitchSystem
    stm32f4xx_ll_utils.o(i.LL_SetSystemCoreClock) refers to system_stm32f4xx.o(.data) for SystemCoreClock
    stm32f4xx_ll_utils.o(i.UTILS_EnablePLLAndSwitchSystem) refers to stm32f4xx_ll_utils.o(i.LL_SetFlashLatency) for LL_SetFlashLatency
    stm32f4xx_ll_utils.o(i.UTILS_EnablePLLAndSwitchSystem) refers to system_stm32f4xx.o(.constdata) for AHBPrescTable
    stm32f4xx_ll_utils.o(i.UTILS_EnablePLLAndSwitchSystem) refers to system_stm32f4xx.o(.data) for SystemCoreClock
    system_stm32f4xx.o(i.SystemCoreClockUpdate) refers to system_stm32f4xx.o(.data) for .data
    system_stm32f4xx.o(i.SystemCoreClockUpdate) refers to system_stm32f4xx.o(.constdata) for .constdata
    ad9833.o(i.AD9833_Create) refers to malloc.o(i.malloc) for malloc
    ad9833.o(i.AD9833_Create) refers to ad9833.o(i.AD9833_WriteData) for AD9833_WriteData
    ad9833.o(i.AD9833_Create) refers to ad9833.o(i.AD9833_WaveMode) for AD9833_WaveMode
    ad9833.o(i.AD9833_Create) refers to ad9833.o(i.AD9833_SetFrequency) for AD9833_SetFrequency
    ad9833.o(i.AD9833_Create) refers to ad9833.o(i.AD9833_SetPhase) for AD9833_SetPhase
    ad9833.o(i.AD9833_Create) refers to ad9833.o(i.Ad9833_SetWave) for Ad9833_SetWave
    ad9833.o(i.AD9833_Destroy) refers to malloc.o(i.free) for free
    ad9833.o(i.AD9833_GPIO_init) refers to memseta.o(.text) for __aeabi_memclr4
    ad9833.o(i.AD9833_GPIO_init) refers to stm32f4xx_ll_gpio.o(i.LL_GPIO_Init) for LL_GPIO_Init
    ad9833.o(i.AD9833_Init) refers to ad9833.o(i.AD9833_GPIO_init) for AD9833_GPIO_init
    ad9833.o(i.AD9833_Init) refers to ad9833.o(i.FSYNC_High) for FSYNC_High
    ad9833.o(i.AD9833_Init) refers to ad9833.o(i.SCLK) for SCLK
    ad9833.o(i.AD9833_Init) refers to ad9833.o(i.SDATA) for SDATA
    ad9833.o(i.AD9833_SetFrequency) refers to uldiv.o(.text) for __aeabi_uldivmod
    ad9833.o(i.AD9833_WriteData) refers to ad9833.o(i.FSYNC_Low) for FSYNC_Low
    ad9833.o(i.AD9833_WriteData) refers to delay.o(i.Delay_us) for Delay_us
    ad9833.o(i.AD9833_WriteData) refers to ad9833.o(i.SDATA) for SDATA
    ad9833.o(i.AD9833_WriteData) refers to ad9833.o(i.SCLK) for SCLK
    ad9833.o(i.AD9833_WriteData) refers to ad9833.o(i.FSYNC_High) for FSYNC_High
    ad9833.o(i.Ad9833_SetWave) refers to delay.o(i.Delay_ms) for Delay_ms
    serial.o(i.Serial_GetRxFlag) refers to serial.o(.data) for .data
    serial.o(i.USART1_IRQ_Task) refers to serial.o(.data) for .data
    delay.o(i.Delay_ms) refers to delay.o(i.Delay_us) for Delay_us
    entry.o(.ARM.Collect$$$$00000000) refers (Special) to entry10a.o(.ARM.Collect$$$$0000000D) for __rt_final_cpp
    entry.o(.ARM.Collect$$$$00000000) refers (Special) to entry11a.o(.ARM.Collect$$$$0000000F) for __rt_final_exit
    entry.o(.ARM.Collect$$$$00000000) refers (Special) to entry7b.o(.ARM.Collect$$$$00000008) for _main_clock
    entry.o(.ARM.Collect$$$$00000000) refers (Special) to entry8b.o(.ARM.Collect$$$$0000000A) for _main_cpp_init
    entry.o(.ARM.Collect$$$$00000000) refers (Special) to entry9a.o(.ARM.Collect$$$$0000000B) for _main_init
    entry.o(.ARM.Collect$$$$00000000) refers (Special) to entry5.o(.ARM.Collect$$$$00000004) for _main_scatterload
    entry.o(.ARM.Collect$$$$00000000) refers (Special) to entry2.o(.ARM.Collect$$$$00000001) for _main_stk
    uldiv.o(.text) refers to llushr.o(.text) for __aeabi_llsr
    uldiv.o(.text) refers to llshl.o(.text) for __aeabi_llsl
    malloc.o(i.free) refers to mvars.o(.data) for __microlib_freelist
    malloc.o(i.malloc) refers to mvars.o(.data) for __microlib_freelist_initialised
    malloc.o(i.malloc) refers to mvars.o(.data) for __microlib_freelist
    malloc.o(i.malloc) refers to startup_stm32f407xx.o(HEAP) for __heap_base
    mallocr.o(i.__free$realloc) refers to mvars.o(.data) for __microlib_freelist
    mallocr.o(i.__malloc$realloc) refers to mallocr.o(i.internal_alloc) for internal_alloc
    mallocr.o(i.__malloc$realloc) refers to mvars.o(.data) for __microlib_freelist_initialised
    mallocr.o(i.__malloc$realloc) refers to startup_stm32f407xx.o(HEAP) for __heap_base
    mallocr.o(i.__malloc$realloc) refers to mvars.o(.data) for __microlib_freelist
    mallocr.o(i.internal_alloc) refers to memcpya.o(.text) for __aeabi_memcpy
    mallocr.o(i.internal_alloc) refers to mvars.o(.data) for __microlib_freelist
    mallocr.o(i.realloc) refers to mallocr.o(i.__free$realloc) for __free$realloc
    mallocr.o(i.realloc) refers to mallocr.o(i.internal_alloc) for internal_alloc
    mallocr.o(i.realloc) refers to mallocr.o(i.__malloc$realloc) for __malloc$realloc
    mallocr.o(i.realloc) refers to mvars.o(.data) for __microlib_freelist
    malloca.o(i.__aligned_malloc) refers to mvars.o(.data) for __microlib_freelist_initialised
    malloca.o(i.__aligned_malloc) refers to mvars.o(.data) for __microlib_freelist
    malloca.o(i.__aligned_malloc) refers to startup_stm32f407xx.o(HEAP) for __heap_base
    malloca.o(i.__free$memalign) refers to mvars.o(.data) for __microlib_freelist
    malloca.o(i.__malloc$memalign) refers to malloca.o(i.__aligned_malloc) for __aligned_malloc
    mallocra.o(i.__aligned_malloc$realloc) refers to mallocra.o(i.internal_alloc) for internal_alloc
    mallocra.o(i.__aligned_malloc$realloc) refers to mvars.o(.data) for __microlib_freelist_initialised
    mallocra.o(i.__aligned_malloc$realloc) refers to startup_stm32f407xx.o(HEAP) for __heap_base
    mallocra.o(i.__aligned_malloc$realloc) refers to mvars.o(.data) for __microlib_freelist
    mallocra.o(i.__free$realloc$memalign) refers to mvars.o(.data) for __microlib_freelist
    mallocra.o(i.__malloc$realloc$memalign) refers to mallocra.o(i.__aligned_malloc$realloc) for __aligned_malloc$realloc
    mallocra.o(i.__realloc$memalign) refers to mallocra.o(i.__free$realloc$memalign) for __free$realloc$memalign
    mallocra.o(i.__realloc$memalign) refers to mallocra.o(i.internal_alloc) for internal_alloc
    mallocra.o(i.__realloc$memalign) refers to mallocra.o(i.__malloc$realloc$memalign) for __malloc$realloc$memalign
    mallocra.o(i.__realloc$memalign) refers to mvars.o(.data) for __microlib_freelist
    mallocra.o(i.internal_alloc) refers to memcpya.o(.text) for __aeabi_memcpy
    mallocra.o(i.internal_alloc) refers to mvars.o(.data) for __microlib_freelist
    entry2.o(.ARM.Collect$$$$00000001) refers to entry2.o(.ARM.Collect$$$$00002712) for __lit__00000000
    entry2.o(.ARM.Collect$$$$00002712) refers to startup_stm32f407xx.o(STACK) for __initial_sp
    entry2.o(__vectab_stack_and_reset_area) refers to startup_stm32f407xx.o(STACK) for __initial_sp
    entry2.o(__vectab_stack_and_reset_area) refers to entry.o(.ARM.Collect$$$$00000000) for __main
    entry5.o(.ARM.Collect$$$$00000004) refers to init.o(.text) for __scatterload
    entry9a.o(.ARM.Collect$$$$0000000B) refers to main.o(i.main) for main
    entry9b.o(.ARM.Collect$$$$0000000C) refers to main.o(i.main) for main
    init.o(.text) refers to entry5.o(.ARM.Collect$$$$00000004) for __main_after_scatterload


==============================================================================

Removing Unused input sections from the image.

    Removing main.o(.rev16_text), (4 bytes).
    Removing main.o(.revsh_text), (4 bytes).
    Removing main.o(.rrx_text), (6 bytes).
    Removing main.o(i.Error_Handler), (4 bytes).
    Removing gpio.o(.rev16_text), (4 bytes).
    Removing gpio.o(.revsh_text), (4 bytes).
    Removing gpio.o(.rrx_text), (6 bytes).
    Removing gpio.o(i.LL_AHB1_GRP1_EnableClock), (24 bytes).
    Removing gpio.o(i.MX_GPIO_Init), (108 bytes).
    Removing usart.o(.rev16_text), (4 bytes).
    Removing usart.o(.revsh_text), (4 bytes).
    Removing usart.o(.rrx_text), (6 bytes).
    Removing usart.o(i.fputc), (24 bytes).
    Removing stm32f4xx_it.o(.rev16_text), (4 bytes).
    Removing stm32f4xx_it.o(.revsh_text), (4 bytes).
    Removing stm32f4xx_it.o(.rrx_text), (6 bytes).
    Removing stm32f4xx_ll_gpio.o(.rev16_text), (4 bytes).
    Removing stm32f4xx_ll_gpio.o(.revsh_text), (4 bytes).
    Removing stm32f4xx_ll_gpio.o(.rrx_text), (6 bytes).
    Removing stm32f4xx_ll_gpio.o(i.LL_AHB1_GRP1_ForceReset), (16 bytes).
    Removing stm32f4xx_ll_gpio.o(i.LL_AHB1_GRP1_ReleaseReset), (16 bytes).
    Removing stm32f4xx_ll_gpio.o(i.LL_GPIO_DeInit), (196 bytes).
    Removing stm32f4xx_ll_gpio.o(i.LL_GPIO_StructInit), (22 bytes).
    Removing stm32f4xx_ll_usart.o(.rev16_text), (4 bytes).
    Removing stm32f4xx_ll_usart.o(.revsh_text), (4 bytes).
    Removing stm32f4xx_ll_usart.o(.rrx_text), (6 bytes).
    Removing stm32f4xx_ll_usart.o(i.LL_APB1_GRP1_ForceReset), (16 bytes).
    Removing stm32f4xx_ll_usart.o(i.LL_APB1_GRP1_ReleaseReset), (16 bytes).
    Removing stm32f4xx_ll_usart.o(i.LL_USART_ClockInit), (56 bytes).
    Removing stm32f4xx_ll_usart.o(i.LL_USART_ClockStructInit), (12 bytes).
    Removing stm32f4xx_ll_usart.o(i.LL_USART_DeInit), (148 bytes).
    Removing stm32f4xx_ll_usart.o(i.LL_USART_StructInit), (24 bytes).
    Removing stm32f4xx_ll_dma.o(.rev16_text), (4 bytes).
    Removing stm32f4xx_ll_dma.o(.revsh_text), (4 bytes).
    Removing stm32f4xx_ll_dma.o(.rrx_text), (6 bytes).
    Removing stm32f4xx_ll_dma.o(i.LL_DMA_DeInit), (368 bytes).
    Removing stm32f4xx_ll_dma.o(i.LL_DMA_Init), (156 bytes).
    Removing stm32f4xx_ll_dma.o(i.LL_DMA_SetChannelSelection), (20 bytes).
    Removing stm32f4xx_ll_dma.o(i.LL_DMA_StructInit), (34 bytes).
    Removing stm32f4xx_ll_dma.o(.constdata), (8 bytes).
    Removing stm32f4xx_ll_rcc.o(.rev16_text), (4 bytes).
    Removing stm32f4xx_ll_rcc.o(.revsh_text), (4 bytes).
    Removing stm32f4xx_ll_rcc.o(.rrx_text), (6 bytes).
    Removing stm32f4xx_ll_rcc.o(i.LL_RCC_DeInit), (156 bytes).
    Removing stm32f4xx_ll_rcc.o(i.LL_RCC_GetI2SClockFreq), (52 bytes).
    Removing stm32f4xx_ll_rcc.o(i.LL_RCC_GetRNGClockFreq), (20 bytes).
    Removing stm32f4xx_ll_rcc.o(i.LL_RCC_GetSDIOClockFreq), (26 bytes).
    Removing stm32f4xx_ll_rcc.o(i.LL_RCC_GetUSBClockFreq), (20 bytes).
    Removing stm32f4xx_ll_rcc.o(i.LL_RCC_PLL_IsReady), (16 bytes).
    Removing stm32f4xx_ll_rcc.o(i.RCC_PLLI2S_GetFreqDomain_I2S), (68 bytes).
    Removing stm32f4xx_ll_rcc.o(i.RCC_PLL_GetFreqDomain_48M), (64 bytes).
    Removing stm32f4xx_ll_utils.o(.rev16_text), (4 bytes).
    Removing stm32f4xx_ll_utils.o(.revsh_text), (4 bytes).
    Removing stm32f4xx_ll_utils.o(.rrx_text), (6 bytes).
    Removing stm32f4xx_ll_utils.o(i.LL_PLL_ConfigSystemClock_HSE), (108 bytes).
    Removing stm32f4xx_ll_utils.o(i.LL_PLL_ConfigSystemClock_HSI), (84 bytes).
    Removing stm32f4xx_ll_utils.o(i.LL_RCC_PLL_ConfigDomain_SYS), (40 bytes).
    Removing stm32f4xx_ll_utils.o(i.LL_SetFlashLatency), (180 bytes).
    Removing stm32f4xx_ll_utils.o(i.LL_mDelay), (30 bytes).
    Removing stm32f4xx_ll_utils.o(i.UTILS_EnablePLLAndSwitchSystem), (152 bytes).
    Removing stm32f4xx_ll_utils.o(i.UTILS_GetPLLOutputFrequency), (32 bytes).
    Removing stm32f4xx_ll_utils.o(i.UTILS_PLL_IsBusy), (32 bytes).
    Removing stm32f4xx_ll_exti.o(.rev16_text), (4 bytes).
    Removing stm32f4xx_ll_exti.o(.revsh_text), (4 bytes).
    Removing stm32f4xx_ll_exti.o(.rrx_text), (6 bytes).
    Removing stm32f4xx_ll_exti.o(i.LL_EXTI_DeInit), (40 bytes).
    Removing stm32f4xx_ll_exti.o(i.LL_EXTI_Init), (160 bytes).
    Removing stm32f4xx_ll_exti.o(i.LL_EXTI_StructInit), (14 bytes).
    Removing system_stm32f4xx.o(.rev16_text), (4 bytes).
    Removing system_stm32f4xx.o(.revsh_text), (4 bytes).
    Removing system_stm32f4xx.o(.rrx_text), (6 bytes).
    Removing system_stm32f4xx.o(i.SystemCoreClockUpdate), (124 bytes).
    Removing ad9833.o(.rev16_text), (4 bytes).
    Removing ad9833.o(.revsh_text), (4 bytes).
    Removing ad9833.o(.rrx_text), (6 bytes).
    Removing ad9833.o(i.AD9833_Destroy), (10 bytes).
    Removing serial.o(.rev16_text), (4 bytes).
    Removing serial.o(.revsh_text), (4 bytes).
    Removing serial.o(.rrx_text), (6 bytes).
    Removing delay.o(.rev16_text), (4 bytes).
    Removing delay.o(.revsh_text), (4 bytes).
    Removing delay.o(.rrx_text), (6 bytes).

82 unused section(s) (total 2892 bytes) removed from the image.

==============================================================================

Image Symbol Table

    Local Symbols

    Symbol Name                              Value     Ov Type        Size  Object(Section)

    ../Core/Src/gpio.c                       0x00000000   Number         0  gpio.o ABSOLUTE
    ../Core/Src/main.c                       0x00000000   Number         0  main.o ABSOLUTE
    ../Core/Src/stm32f4xx_it.c               0x00000000   Number         0  stm32f4xx_it.o ABSOLUTE
    ../Core/Src/system_stm32f4xx.c           0x00000000   Number         0  system_stm32f4xx.o ABSOLUTE
    ../Core/Src/usart.c                      0x00000000   Number         0  usart.o ABSOLUTE
    ../Drivers/STM32F4xx_HAL_Driver/Src/stm32f4xx_ll_dma.c 0x00000000   Number         0  stm32f4xx_ll_dma.o ABSOLUTE
    ../Drivers/STM32F4xx_HAL_Driver/Src/stm32f4xx_ll_exti.c 0x00000000   Number         0  stm32f4xx_ll_exti.o ABSOLUTE
    ../Drivers/STM32F4xx_HAL_Driver/Src/stm32f4xx_ll_gpio.c 0x00000000   Number         0  stm32f4xx_ll_gpio.o ABSOLUTE
    ../Drivers/STM32F4xx_HAL_Driver/Src/stm32f4xx_ll_rcc.c 0x00000000   Number         0  stm32f4xx_ll_rcc.o ABSOLUTE
    ../Drivers/STM32F4xx_HAL_Driver/Src/stm32f4xx_ll_usart.c 0x00000000   Number         0  stm32f4xx_ll_usart.o ABSOLUTE
    ../Drivers/STM32F4xx_HAL_Driver/Src/stm32f4xx_ll_utils.c 0x00000000   Number         0  stm32f4xx_ll_utils.o ABSOLUTE
    ../clib/microlib/division.c              0x00000000   Number         0  uldiv.o ABSOLUTE
    ../clib/microlib/init/entry.s            0x00000000   Number         0  entry8b.o ABSOLUTE
    ../clib/microlib/init/entry.s            0x00000000   Number         0  entry9a.o ABSOLUTE
    ../clib/microlib/init/entry.s            0x00000000   Number         0  entry2.o ABSOLUTE
    ../clib/microlib/init/entry.s            0x00000000   Number         0  entry9b.o ABSOLUTE
    ../clib/microlib/init/entry.s            0x00000000   Number         0  entry11b.o ABSOLUTE
    ../clib/microlib/init/entry.s            0x00000000   Number         0  entry11a.o ABSOLUTE
    ../clib/microlib/init/entry.s            0x00000000   Number         0  entry10b.o ABSOLUTE
    ../clib/microlib/init/entry.s            0x00000000   Number         0  entry8a.o ABSOLUTE
    ../clib/microlib/init/entry.s            0x00000000   Number         0  entry7b.o ABSOLUTE
    ../clib/microlib/init/entry.s            0x00000000   Number         0  entry7a.o ABSOLUTE
    ../clib/microlib/init/entry.s            0x00000000   Number         0  entry5.o ABSOLUTE
    ../clib/microlib/init/entry.s            0x00000000   Number         0  entry10a.o ABSOLUTE
    ../clib/microlib/init/entry.s            0x00000000   Number         0  entry.o ABSOLUTE
    ../clib/microlib/longlong.c              0x00000000   Number         0  llushr.o ABSOLUTE
    ../clib/microlib/longlong.c              0x00000000   Number         0  llshl.o ABSOLUTE
    ../clib/microlib/malloc/malloc.c         0x00000000   Number         0  mallocr.o ABSOLUTE
    ../clib/microlib/malloc/malloc.c         0x00000000   Number         0  malloc.o ABSOLUTE
    ../clib/microlib/malloc/malloc.c         0x00000000   Number         0  mallocra.o ABSOLUTE
    ../clib/microlib/malloc/malloc.c         0x00000000   Number         0  malloca.o ABSOLUTE
    ../clib/microlib/malloc/mvars.c          0x00000000   Number         0  mvars.o ABSOLUTE
    ../clib/microlib/string/memcpy.c         0x00000000   Number         0  memcpyb.o ABSOLUTE
    ../clib/microlib/string/memcpy.c         0x00000000   Number         0  memcpya.o ABSOLUTE
    ../clib/microlib/string/memset.c         0x00000000   Number         0  memseta.o ABSOLUTE
    ..\Core\Src\gpio.c                       0x00000000   Number         0  gpio.o ABSOLUTE
    ..\Core\Src\main.c                       0x00000000   Number         0  main.o ABSOLUTE
    ..\Core\Src\stm32f4xx_it.c               0x00000000   Number         0  stm32f4xx_it.o ABSOLUTE
    ..\Core\Src\system_stm32f4xx.c           0x00000000   Number         0  system_stm32f4xx.o ABSOLUTE
    ..\Core\Src\usart.c                      0x00000000   Number         0  usart.o ABSOLUTE
    ..\Drivers\STM32F4xx_HAL_Driver\Src\stm32f4xx_ll_dma.c 0x00000000   Number         0  stm32f4xx_ll_dma.o ABSOLUTE
    ..\Drivers\STM32F4xx_HAL_Driver\Src\stm32f4xx_ll_exti.c 0x00000000   Number         0  stm32f4xx_ll_exti.o ABSOLUTE
    ..\Drivers\STM32F4xx_HAL_Driver\Src\stm32f4xx_ll_gpio.c 0x00000000   Number         0  stm32f4xx_ll_gpio.o ABSOLUTE
    ..\Drivers\STM32F4xx_HAL_Driver\Src\stm32f4xx_ll_rcc.c 0x00000000   Number         0  stm32f4xx_ll_rcc.o ABSOLUTE
    ..\Drivers\STM32F4xx_HAL_Driver\Src\stm32f4xx_ll_usart.c 0x00000000   Number         0  stm32f4xx_ll_usart.o ABSOLUTE
    ..\Drivers\STM32F4xx_HAL_Driver\Src\stm32f4xx_ll_utils.c 0x00000000   Number         0  stm32f4xx_ll_utils.o ABSOLUTE
    ..\Hardware\AD9833.c                     0x00000000   Number         0  ad9833.o ABSOLUTE
    ..\Hardware\Serial.c                     0x00000000   Number         0  serial.o ABSOLUTE
    ..\SYS\Delay.c                           0x00000000   Number         0  delay.o ABSOLUTE
    ..\\Hardware\\AD9833.c                   0x00000000   Number         0  ad9833.o ABSOLUTE
    ..\\Hardware\\Serial.c                   0x00000000   Number         0  serial.o ABSOLUTE
    ..\\SYS\\Delay.c                         0x00000000   Number         0  delay.o ABSOLUTE
    dc.s                                     0x00000000   Number         0  dc.o ABSOLUTE
    handlers.s                               0x00000000   Number         0  handlers.o ABSOLUTE
    init.s                                   0x00000000   Number         0  init.o ABSOLUTE
    startup_stm32f407xx.s                    0x00000000   Number         0  startup_stm32f407xx.o ABSOLUTE
    RESET                                    0x08000000   Section      392  startup_stm32f407xx.o(RESET)
    .ARM.Collect$$$$00000000                 0x08000188   Section        0  entry.o(.ARM.Collect$$$$00000000)
    .ARM.Collect$$$$00000001                 0x08000188   Section        4  entry2.o(.ARM.Collect$$$$00000001)
    .ARM.Collect$$$$00000004                 0x0800018c   Section        4  entry5.o(.ARM.Collect$$$$00000004)
    .ARM.Collect$$$$00000008                 0x08000190   Section        0  entry7b.o(.ARM.Collect$$$$00000008)
    .ARM.Collect$$$$0000000A                 0x08000190   Section        0  entry8b.o(.ARM.Collect$$$$0000000A)
    .ARM.Collect$$$$0000000B                 0x08000190   Section        8  entry9a.o(.ARM.Collect$$$$0000000B)
    .ARM.Collect$$$$0000000D                 0x08000198   Section        0  entry10a.o(.ARM.Collect$$$$0000000D)
    .ARM.Collect$$$$0000000F                 0x08000198   Section        0  entry11a.o(.ARM.Collect$$$$0000000F)
    .ARM.Collect$$$$00002712                 0x08000198   Section        4  entry2.o(.ARM.Collect$$$$00002712)
    __lit__00000000                          0x08000198   Data           4  entry2.o(.ARM.Collect$$$$00002712)
    .text                                    0x0800019c   Section       36  startup_stm32f407xx.o(.text)
    $v0                                      0x0800019c   Number         0  startup_stm32f407xx.o(.text)
    .text                                    0x080001c0   Section        0  uldiv.o(.text)
    .text                                    0x08000222   Section        0  memseta.o(.text)
    .text                                    0x08000246   Section        0  llshl.o(.text)
    .text                                    0x08000264   Section        0  llushr.o(.text)
    .text                                    0x08000284   Section       36  init.o(.text)
    i.AD9833_Create                          0x080002a8   Section        0  ad9833.o(i.AD9833_Create)
    i.AD9833_GPIO_init                       0x08000314   Section        0  ad9833.o(i.AD9833_GPIO_init)
    i.AD9833_Init                            0x0800037c   Section        0  ad9833.o(i.AD9833_Init)
    i.AD9833_SetFrequency                    0x080003ba   Section        0  ad9833.o(i.AD9833_SetFrequency)
    i.AD9833_SetPhase                        0x080003f2   Section        0  ad9833.o(i.AD9833_SetPhase)
    i.AD9833_WaveMode                        0x08000406   Section        0  ad9833.o(i.AD9833_WaveMode)
    i.AD9833_WriteData                       0x08000414   Section        0  ad9833.o(i.AD9833_WriteData)
    AD9833_WriteData                         0x08000415   Thumb Code    94  ad9833.o(i.AD9833_WriteData)
    i.Ad9833_SetWave                         0x08000472   Section        0  ad9833.o(i.Ad9833_SetWave)
    i.BusFault_Handler                       0x080004ce   Section        0  stm32f4xx_it.o(i.BusFault_Handler)
    i.DebugMon_Handler                       0x080004d0   Section        0  stm32f4xx_it.o(i.DebugMon_Handler)
    i.Delay_ms                               0x080004d2   Section        0  delay.o(i.Delay_ms)
    i.Delay_us                               0x08000508   Section        0  delay.o(i.Delay_us)
    i.FSYNC_High                             0x08000540   Section        0  ad9833.o(i.FSYNC_High)
    i.FSYNC_Low                              0x08000560   Section        0  ad9833.o(i.FSYNC_Low)
    i.HardFault_Handler                      0x08000584   Section        0  stm32f4xx_it.o(i.HardFault_Handler)
    i.LL_GPIO_Init                           0x08000586   Section        0  stm32f4xx_ll_gpio.o(i.LL_GPIO_Init)
    i.LL_Init1msTick                         0x080006bc   Section        0  stm32f4xx_ll_utils.o(i.LL_Init1msTick)
    i.LL_RCC_GetSystemClocksFreq             0x080006d6   Section        0  stm32f4xx_ll_rcc.o(i.LL_RCC_GetSystemClocksFreq)
    i.LL_SetSystemCoreClock                  0x080006f8   Section        0  stm32f4xx_ll_utils.o(i.LL_SetSystemCoreClock)
    i.LL_USART_Init                          0x08000704   Section        0  stm32f4xx_ll_usart.o(i.LL_USART_Init)
    i.LL_USART_SetBaudRate                   0x080007a4   Section        0  stm32f4xx_ll_usart.o(i.LL_USART_SetBaudRate)
    LL_USART_SetBaudRate                     0x080007a5   Thumb Code   176  stm32f4xx_ll_usart.o(i.LL_USART_SetBaudRate)
    i.MX_USART1_UART_Init                    0x08000854   Section        0  usart.o(i.MX_USART1_UART_Init)
    i.MemManage_Handler                      0x0800093c   Section        0  stm32f4xx_it.o(i.MemManage_Handler)
    i.NMI_Handler                            0x0800093e   Section        0  stm32f4xx_it.o(i.NMI_Handler)
    i.PendSV_Handler                         0x08000940   Section        0  stm32f4xx_it.o(i.PendSV_Handler)
    i.RCC_GetHCLKClockFreq                   0x08000944   Section        0  stm32f4xx_ll_rcc.o(i.RCC_GetHCLKClockFreq)
    i.RCC_GetPCLK1ClockFreq                  0x08000960   Section        0  stm32f4xx_ll_rcc.o(i.RCC_GetPCLK1ClockFreq)
    i.RCC_GetPCLK2ClockFreq                  0x0800097c   Section        0  stm32f4xx_ll_rcc.o(i.RCC_GetPCLK2ClockFreq)
    i.RCC_GetSystemClockFreq                 0x08000998   Section        0  stm32f4xx_ll_rcc.o(i.RCC_GetSystemClockFreq)
    i.RCC_PLL_GetFreqDomain_SYS              0x080009c4   Section        0  stm32f4xx_ll_rcc.o(i.RCC_PLL_GetFreqDomain_SYS)
    i.SCLK                                   0x08000a14   Section        0  ad9833.o(i.SCLK)
    i.SDATA                                  0x08000a22   Section        0  ad9833.o(i.SDATA)
    i.SVC_Handler                            0x08000a30   Section        0  stm32f4xx_it.o(i.SVC_Handler)
    i.Serial_GetRxFlag                       0x08000a34   Section        0  serial.o(i.Serial_GetRxFlag)
    i.SysTick_Handler                        0x08000a4c   Section        0  stm32f4xx_it.o(i.SysTick_Handler)
    i.SystemClock_Config                     0x08000a50   Section        0  main.o(i.SystemClock_Config)
    i.SystemInit                             0x08000b20   Section        0  system_stm32f4xx.o(i.SystemInit)
    i.USART1_IRQHandler                      0x08000b30   Section        0  stm32f4xx_it.o(i.USART1_IRQHandler)
    i.USART1_IRQ_Task                        0x08000b34   Section        0  serial.o(i.USART1_IRQ_Task)
    i.USART_ComandTask                       0x08000b94   Section        0  serial.o(i.USART_ComandTask)
    i.UsageFault_Handler                     0x08000b96   Section        0  stm32f4xx_it.o(i.UsageFault_Handler)
    i.__scatterload_copy                     0x08000b98   Section       14  handlers.o(i.__scatterload_copy)
    i.__scatterload_null                     0x08000ba6   Section        2  handlers.o(i.__scatterload_null)
    i.__scatterload_zeroinit                 0x08000ba8   Section       14  handlers.o(i.__scatterload_zeroinit)
    i.main                                   0x08000bb8   Section        0  main.o(i.main)
    i.malloc                                 0x08000c78   Section        0  malloc.o(i.malloc)
    .constdata                               0x08000ce4   Section       16  system_stm32f4xx.o(.constdata)
    .constdata                               0x08000cf4   Section        8  system_stm32f4xx.o(.constdata)
    .data                                    0x20000000   Section        4  system_stm32f4xx.o(.data)
    .data                                    0x20000004   Section       32  ad9833.o(.data)
    .data                                    0x20000024   Section        8  serial.o(.data)
    RxState                                  0x20000024   Data           1  serial.o(.data)
    pRxPacket                                0x20000025   Data           1  serial.o(.data)
    .data                                    0x2000002c   Section        4  mvars.o(.data)
    .data                                    0x20000030   Section        4  mvars.o(.data)
    HEAP                                     0x20000038   Section      512  startup_stm32f407xx.o(HEAP)
    STACK                                    0x20000238   Section     1024  startup_stm32f407xx.o(STACK)

    Global Symbols

    Symbol Name                              Value     Ov Type        Size  Object(Section)

    BuildAttributes$$THM_ISAv4$E$P$D$K$B$S$7EM$VFPi3$EXTD16$VFPS$VFMA$PE$A:L22UL41UL21$X:L11$S22US41US21$IEEE1$IW$USESV6$~STKCKD$USESV7$~SHL$OSPACE$EBA8$MICROLIB$REQ8$PRES8$EABIv2 0x00000000   Number         0  anon$$obj.o ABSOLUTE
    __ARM_use_no_argv                        0x00000000   Number         0  main.o ABSOLUTE
    __cpp_initialize__aeabi_                  - Undefined Weak Reference
    __cxa_finalize                            - Undefined Weak Reference
    __decompress                              - Undefined Weak Reference
    _clock_init                               - Undefined Weak Reference
    _microlib_exit                            - Undefined Weak Reference
    __Vectors_Size                           0x00000188   Number         0  startup_stm32f407xx.o ABSOLUTE
    __Vectors                                0x08000000   Data           4  startup_stm32f407xx.o(RESET)
    __Vectors_End                            0x08000188   Data           0  startup_stm32f407xx.o(RESET)
    __main                                   0x08000189   Thumb Code     0  entry.o(.ARM.Collect$$$$00000000)
    _main_stk                                0x08000189   Thumb Code     0  entry2.o(.ARM.Collect$$$$00000001)
    _main_scatterload                        0x0800018d   Thumb Code     0  entry5.o(.ARM.Collect$$$$00000004)
    __main_after_scatterload                 0x08000191   Thumb Code     0  entry5.o(.ARM.Collect$$$$00000004)
    _main_clock                              0x08000191   Thumb Code     0  entry7b.o(.ARM.Collect$$$$00000008)
    _main_cpp_init                           0x08000191   Thumb Code     0  entry8b.o(.ARM.Collect$$$$0000000A)
    _main_init                               0x08000191   Thumb Code     0  entry9a.o(.ARM.Collect$$$$0000000B)
    __rt_final_cpp                           0x08000199   Thumb Code     0  entry10a.o(.ARM.Collect$$$$0000000D)
    __rt_final_exit                          0x08000199   Thumb Code     0  entry11a.o(.ARM.Collect$$$$0000000F)
    Reset_Handler                            0x0800019d   Thumb Code     8  startup_stm32f407xx.o(.text)
    ADC_IRQHandler                           0x080001b7   Thumb Code     0  startup_stm32f407xx.o(.text)
    CAN1_RX0_IRQHandler                      0x080001b7   Thumb Code     0  startup_stm32f407xx.o(.text)
    CAN1_RX1_IRQHandler                      0x080001b7   Thumb Code     0  startup_stm32f407xx.o(.text)
    CAN1_SCE_IRQHandler                      0x080001b7   Thumb Code     0  startup_stm32f407xx.o(.text)
    CAN1_TX_IRQHandler                       0x080001b7   Thumb Code     0  startup_stm32f407xx.o(.text)
    CAN2_RX0_IRQHandler                      0x080001b7   Thumb Code     0  startup_stm32f407xx.o(.text)
    CAN2_RX1_IRQHandler                      0x080001b7   Thumb Code     0  startup_stm32f407xx.o(.text)
    CAN2_SCE_IRQHandler                      0x080001b7   Thumb Code     0  startup_stm32f407xx.o(.text)
    CAN2_TX_IRQHandler                       0x080001b7   Thumb Code     0  startup_stm32f407xx.o(.text)
    DCMI_IRQHandler                          0x080001b7   Thumb Code     0  startup_stm32f407xx.o(.text)
    DMA1_Stream0_IRQHandler                  0x080001b7   Thumb Code     0  startup_stm32f407xx.o(.text)
    DMA1_Stream1_IRQHandler                  0x080001b7   Thumb Code     0  startup_stm32f407xx.o(.text)
    DMA1_Stream2_IRQHandler                  0x080001b7   Thumb Code     0  startup_stm32f407xx.o(.text)
    DMA1_Stream3_IRQHandler                  0x080001b7   Thumb Code     0  startup_stm32f407xx.o(.text)
    DMA1_Stream4_IRQHandler                  0x080001b7   Thumb Code     0  startup_stm32f407xx.o(.text)
    DMA1_Stream5_IRQHandler                  0x080001b7   Thumb Code     0  startup_stm32f407xx.o(.text)
    DMA1_Stream6_IRQHandler                  0x080001b7   Thumb Code     0  startup_stm32f407xx.o(.text)
    DMA1_Stream7_IRQHandler                  0x080001b7   Thumb Code     0  startup_stm32f407xx.o(.text)
    DMA2_Stream0_IRQHandler                  0x080001b7   Thumb Code     0  startup_stm32f407xx.o(.text)
    DMA2_Stream1_IRQHandler                  0x080001b7   Thumb Code     0  startup_stm32f407xx.o(.text)
    DMA2_Stream2_IRQHandler                  0x080001b7   Thumb Code     0  startup_stm32f407xx.o(.text)
    DMA2_Stream3_IRQHandler                  0x080001b7   Thumb Code     0  startup_stm32f407xx.o(.text)
    DMA2_Stream4_IRQHandler                  0x080001b7   Thumb Code     0  startup_stm32f407xx.o(.text)
    DMA2_Stream5_IRQHandler                  0x080001b7   Thumb Code     0  startup_stm32f407xx.o(.text)
    DMA2_Stream6_IRQHandler                  0x080001b7   Thumb Code     0  startup_stm32f407xx.o(.text)
    DMA2_Stream7_IRQHandler                  0x080001b7   Thumb Code     0  startup_stm32f407xx.o(.text)
    ETH_IRQHandler                           0x080001b7   Thumb Code     0  startup_stm32f407xx.o(.text)
    ETH_WKUP_IRQHandler                      0x080001b7   Thumb Code     0  startup_stm32f407xx.o(.text)
    EXTI0_IRQHandler                         0x080001b7   Thumb Code     0  startup_stm32f407xx.o(.text)
    EXTI15_10_IRQHandler                     0x080001b7   Thumb Code     0  startup_stm32f407xx.o(.text)
    EXTI1_IRQHandler                         0x080001b7   Thumb Code     0  startup_stm32f407xx.o(.text)
    EXTI2_IRQHandler                         0x080001b7   Thumb Code     0  startup_stm32f407xx.o(.text)
    EXTI3_IRQHandler                         0x080001b7   Thumb Code     0  startup_stm32f407xx.o(.text)
    EXTI4_IRQHandler                         0x080001b7   Thumb Code     0  startup_stm32f407xx.o(.text)
    EXTI9_5_IRQHandler                       0x080001b7   Thumb Code     0  startup_stm32f407xx.o(.text)
    FLASH_IRQHandler                         0x080001b7   Thumb Code     0  startup_stm32f407xx.o(.text)
    FMC_IRQHandler                           0x080001b7   Thumb Code     0  startup_stm32f407xx.o(.text)
    FPU_IRQHandler                           0x080001b7   Thumb Code     0  startup_stm32f407xx.o(.text)
    HASH_RNG_IRQHandler                      0x080001b7   Thumb Code     0  startup_stm32f407xx.o(.text)
    I2C1_ER_IRQHandler                       0x080001b7   Thumb Code     0  startup_stm32f407xx.o(.text)
    I2C1_EV_IRQHandler                       0x080001b7   Thumb Code     0  startup_stm32f407xx.o(.text)
    I2C2_ER_IRQHandler                       0x080001b7   Thumb Code     0  startup_stm32f407xx.o(.text)
    I2C2_EV_IRQHandler                       0x080001b7   Thumb Code     0  startup_stm32f407xx.o(.text)
    I2C3_ER_IRQHandler                       0x080001b7   Thumb Code     0  startup_stm32f407xx.o(.text)
    I2C3_EV_IRQHandler                       0x080001b7   Thumb Code     0  startup_stm32f407xx.o(.text)
    OTG_FS_IRQHandler                        0x080001b7   Thumb Code     0  startup_stm32f407xx.o(.text)
    OTG_FS_WKUP_IRQHandler                   0x080001b7   Thumb Code     0  startup_stm32f407xx.o(.text)
    OTG_HS_EP1_IN_IRQHandler                 0x080001b7   Thumb Code     0  startup_stm32f407xx.o(.text)
    OTG_HS_EP1_OUT_IRQHandler                0x080001b7   Thumb Code     0  startup_stm32f407xx.o(.text)
    OTG_HS_IRQHandler                        0x080001b7   Thumb Code     0  startup_stm32f407xx.o(.text)
    OTG_HS_WKUP_IRQHandler                   0x080001b7   Thumb Code     0  startup_stm32f407xx.o(.text)
    PVD_IRQHandler                           0x080001b7   Thumb Code     0  startup_stm32f407xx.o(.text)
    RCC_IRQHandler                           0x080001b7   Thumb Code     0  startup_stm32f407xx.o(.text)
    RTC_Alarm_IRQHandler                     0x080001b7   Thumb Code     0  startup_stm32f407xx.o(.text)
    RTC_WKUP_IRQHandler                      0x080001b7   Thumb Code     0  startup_stm32f407xx.o(.text)
    SDIO_IRQHandler                          0x080001b7   Thumb Code     0  startup_stm32f407xx.o(.text)
    SPI1_IRQHandler                          0x080001b7   Thumb Code     0  startup_stm32f407xx.o(.text)
    SPI2_IRQHandler                          0x080001b7   Thumb Code     0  startup_stm32f407xx.o(.text)
    SPI3_IRQHandler                          0x080001b7   Thumb Code     0  startup_stm32f407xx.o(.text)
    TAMP_STAMP_IRQHandler                    0x080001b7   Thumb Code     0  startup_stm32f407xx.o(.text)
    TIM1_BRK_TIM9_IRQHandler                 0x080001b7   Thumb Code     0  startup_stm32f407xx.o(.text)
    TIM1_CC_IRQHandler                       0x080001b7   Thumb Code     0  startup_stm32f407xx.o(.text)
    TIM1_TRG_COM_TIM11_IRQHandler            0x080001b7   Thumb Code     0  startup_stm32f407xx.o(.text)
    TIM1_UP_TIM10_IRQHandler                 0x080001b7   Thumb Code     0  startup_stm32f407xx.o(.text)
    TIM2_IRQHandler                          0x080001b7   Thumb Code     0  startup_stm32f407xx.o(.text)
    TIM3_IRQHandler                          0x080001b7   Thumb Code     0  startup_stm32f407xx.o(.text)
    TIM4_IRQHandler                          0x080001b7   Thumb Code     0  startup_stm32f407xx.o(.text)
    TIM5_IRQHandler                          0x080001b7   Thumb Code     0  startup_stm32f407xx.o(.text)
    TIM6_DAC_IRQHandler                      0x080001b7   Thumb Code     0  startup_stm32f407xx.o(.text)
    TIM7_IRQHandler                          0x080001b7   Thumb Code     0  startup_stm32f407xx.o(.text)
    TIM8_BRK_TIM12_IRQHandler                0x080001b7   Thumb Code     0  startup_stm32f407xx.o(.text)
    TIM8_CC_IRQHandler                       0x080001b7   Thumb Code     0  startup_stm32f407xx.o(.text)
    TIM8_TRG_COM_TIM14_IRQHandler            0x080001b7   Thumb Code     0  startup_stm32f407xx.o(.text)
    TIM8_UP_TIM13_IRQHandler                 0x080001b7   Thumb Code     0  startup_stm32f407xx.o(.text)
    UART4_IRQHandler                         0x080001b7   Thumb Code     0  startup_stm32f407xx.o(.text)
    UART5_IRQHandler                         0x080001b7   Thumb Code     0  startup_stm32f407xx.o(.text)
    USART2_IRQHandler                        0x080001b7   Thumb Code     0  startup_stm32f407xx.o(.text)
    USART3_IRQHandler                        0x080001b7   Thumb Code     0  startup_stm32f407xx.o(.text)
    USART6_IRQHandler                        0x080001b7   Thumb Code     0  startup_stm32f407xx.o(.text)
    WWDG_IRQHandler                          0x080001b7   Thumb Code     0  startup_stm32f407xx.o(.text)
    __aeabi_uldivmod                         0x080001c1   Thumb Code    98  uldiv.o(.text)
    __aeabi_memset                           0x08000223   Thumb Code    14  memseta.o(.text)
    __aeabi_memset4                          0x08000223   Thumb Code     0  memseta.o(.text)
    __aeabi_memset8                          0x08000223   Thumb Code     0  memseta.o(.text)
    __aeabi_memclr                           0x08000231   Thumb Code     4  memseta.o(.text)
    __aeabi_memclr4                          0x08000231   Thumb Code     0  memseta.o(.text)
    __aeabi_memclr8                          0x08000231   Thumb Code     0  memseta.o(.text)
    _memset$wrapper                          0x08000235   Thumb Code    18  memseta.o(.text)
    __aeabi_llsl                             0x08000247   Thumb Code    30  llshl.o(.text)
    _ll_shift_l                              0x08000247   Thumb Code     0  llshl.o(.text)
    __aeabi_llsr                             0x08000265   Thumb Code    32  llushr.o(.text)
    _ll_ushift_r                             0x08000265   Thumb Code     0  llushr.o(.text)
    __scatterload                            0x08000285   Thumb Code    28  init.o(.text)
    __scatterload_rt2                        0x08000285   Thumb Code     0  init.o(.text)
    AD9833_Create                            0x080002a9   Thumb Code    88  ad9833.o(i.AD9833_Create)
    AD9833_GPIO_init                         0x08000315   Thumb Code    98  ad9833.o(i.AD9833_GPIO_init)
    AD9833_Init                              0x0800037d   Thumb Code    62  ad9833.o(i.AD9833_Init)
    AD9833_SetFrequency                      0x080003bb   Thumb Code    56  ad9833.o(i.AD9833_SetFrequency)
    AD9833_SetPhase                          0x080003f3   Thumb Code    20  ad9833.o(i.AD9833_SetPhase)
    AD9833_WaveMode                          0x08000407   Thumb Code    14  ad9833.o(i.AD9833_WaveMode)
    Ad9833_SetWave                           0x08000473   Thumb Code    92  ad9833.o(i.Ad9833_SetWave)
    BusFault_Handler                         0x080004cf   Thumb Code     2  stm32f4xx_it.o(i.BusFault_Handler)
    DebugMon_Handler                         0x080004d1   Thumb Code     2  stm32f4xx_it.o(i.DebugMon_Handler)
    Delay_ms                                 0x080004d3   Thumb Code    54  delay.o(i.Delay_ms)
    Delay_us                                 0x08000509   Thumb Code    56  delay.o(i.Delay_us)
    FSYNC_High                               0x08000541   Thumb Code    32  ad9833.o(i.FSYNC_High)
    FSYNC_Low                                0x08000561   Thumb Code    36  ad9833.o(i.FSYNC_Low)
    HardFault_Handler                        0x08000585   Thumb Code     2  stm32f4xx_it.o(i.HardFault_Handler)
    LL_GPIO_Init                             0x08000587   Thumb Code   310  stm32f4xx_ll_gpio.o(i.LL_GPIO_Init)
    LL_Init1msTick                           0x080006bd   Thumb Code    26  stm32f4xx_ll_utils.o(i.LL_Init1msTick)
    LL_RCC_GetSystemClocksFreq               0x080006d7   Thumb Code    32  stm32f4xx_ll_rcc.o(i.LL_RCC_GetSystemClocksFreq)
    LL_SetSystemCoreClock                    0x080006f9   Thumb Code     6  stm32f4xx_ll_utils.o(i.LL_SetSystemCoreClock)
    LL_USART_Init                            0x08000705   Thumb Code   136  stm32f4xx_ll_usart.o(i.LL_USART_Init)
    MX_USART1_UART_Init                      0x08000855   Thumb Code   212  usart.o(i.MX_USART1_UART_Init)
    MemManage_Handler                        0x0800093d   Thumb Code     2  stm32f4xx_it.o(i.MemManage_Handler)
    NMI_Handler                              0x0800093f   Thumb Code     2  stm32f4xx_it.o(i.NMI_Handler)
    PendSV_Handler                           0x08000941   Thumb Code     2  stm32f4xx_it.o(i.PendSV_Handler)
    RCC_GetHCLKClockFreq                     0x08000945   Thumb Code    18  stm32f4xx_ll_rcc.o(i.RCC_GetHCLKClockFreq)
    RCC_GetPCLK1ClockFreq                    0x08000961   Thumb Code    20  stm32f4xx_ll_rcc.o(i.RCC_GetPCLK1ClockFreq)
    RCC_GetPCLK2ClockFreq                    0x0800097d   Thumb Code    20  stm32f4xx_ll_rcc.o(i.RCC_GetPCLK2ClockFreq)
    RCC_GetSystemClockFreq                   0x08000999   Thumb Code    30  stm32f4xx_ll_rcc.o(i.RCC_GetSystemClockFreq)
    RCC_PLL_GetFreqDomain_SYS                0x080009c5   Thumb Code    68  stm32f4xx_ll_rcc.o(i.RCC_PLL_GetFreqDomain_SYS)
    SCLK                                     0x08000a15   Thumb Code    14  ad9833.o(i.SCLK)
    SDATA                                    0x08000a23   Thumb Code    14  ad9833.o(i.SDATA)
    SVC_Handler                              0x08000a31   Thumb Code     2  stm32f4xx_it.o(i.SVC_Handler)
    Serial_GetRxFlag                         0x08000a35   Thumb Code    20  serial.o(i.Serial_GetRxFlag)
    SysTick_Handler                          0x08000a4d   Thumb Code     2  stm32f4xx_it.o(i.SysTick_Handler)
    SystemClock_Config                       0x08000a51   Thumb Code   184  main.o(i.SystemClock_Config)
    SystemInit                               0x08000b21   Thumb Code    12  system_stm32f4xx.o(i.SystemInit)
    USART1_IRQHandler                        0x08000b31   Thumb Code     4  stm32f4xx_it.o(i.USART1_IRQHandler)
    USART1_IRQ_Task                          0x08000b35   Thumb Code    88  serial.o(i.USART1_IRQ_Task)
    USART_ComandTask                         0x08000b95   Thumb Code     2  serial.o(i.USART_ComandTask)
    UsageFault_Handler                       0x08000b97   Thumb Code     2  stm32f4xx_it.o(i.UsageFault_Handler)
    __scatterload_copy                       0x08000b99   Thumb Code    14  handlers.o(i.__scatterload_copy)
    __scatterload_null                       0x08000ba7   Thumb Code     2  handlers.o(i.__scatterload_null)
    __scatterload_zeroinit                   0x08000ba9   Thumb Code    14  handlers.o(i.__scatterload_zeroinit)
    main                                     0x08000bb9   Thumb Code   164  main.o(i.main)
    malloc                                   0x08000c79   Thumb Code    92  malloc.o(i.malloc)
    AHBPrescTable                            0x08000ce4   Data          16  system_stm32f4xx.o(.constdata)
    APBPrescTable                            0x08000cf4   Data           8  system_stm32f4xx.o(.constdata)
    Region$$Table$$Base                      0x08000cfc   Number         0  anon$$obj.o(Region$$Table)
    Region$$Table$$Limit                     0x08000d1c   Number         0  anon$$obj.o(Region$$Table)
    SystemCoreClock                          0x20000000   Data           4  system_stm32f4xx.o(.data)
    AD9833_dev1                              0x20000004   Data          32  ad9833.o(.data)
    Serial_RxFlag                            0x20000026   Data           1  serial.o(.data)
    Serial_RxPacket                          0x20000027   Data           5  serial.o(.data)
    __microlib_freelist                      0x2000002c   Data           4  mvars.o(.data)
    __microlib_freelist_initialised          0x20000030   Data           4  mvars.o(.data)
    __heap_base                              0x20000038   Data           0  startup_stm32f407xx.o(HEAP)
    __heap_limit                             0x20000238   Data           0  startup_stm32f407xx.o(HEAP)
    __initial_sp                             0x20000638   Data           0  startup_stm32f407xx.o(STACK)



==============================================================================

Memory Map of the image

  Image Entry point : 0x08000189

  Load Region LR_IROM1 (Base: 0x08000000, Size: 0x00000d50, Max: 0x00100000, ABSOLUTE)

    Execution Region ER_IROM1 (Exec base: 0x08000000, Load base: 0x08000000, Size: 0x00000d1c, Max: 0x00100000, ABSOLUTE)

    Exec Addr    Load Addr    Size         Type   Attr      Idx    E Section Name        Object

    0x08000000   0x08000000   0x00000188   Data   RO            3    RESET               startup_stm32f407xx.o
    0x08000188   0x08000188   0x00000000   Code   RO          985  * .ARM.Collect$$$$00000000  mc_w.l(entry.o)
    0x08000188   0x08000188   0x00000004   Code   RO         1020    .ARM.Collect$$$$00000001  mc_w.l(entry2.o)
    0x0800018c   0x0800018c   0x00000004   Code   RO         1023    .ARM.Collect$$$$00000004  mc_w.l(entry5.o)
    0x08000190   0x08000190   0x00000000   Code   RO         1025    .ARM.Collect$$$$00000008  mc_w.l(entry7b.o)
    0x08000190   0x08000190   0x00000000   Code   RO         1027    .ARM.Collect$$$$0000000A  mc_w.l(entry8b.o)
    0x08000190   0x08000190   0x00000008   Code   RO         1028    .ARM.Collect$$$$0000000B  mc_w.l(entry9a.o)
    0x08000198   0x08000198   0x00000000   Code   RO         1030    .ARM.Collect$$$$0000000D  mc_w.l(entry10a.o)
    0x08000198   0x08000198   0x00000000   Code   RO         1032    .ARM.Collect$$$$0000000F  mc_w.l(entry11a.o)
    0x08000198   0x08000198   0x00000004   Code   RO         1021    .ARM.Collect$$$$00002712  mc_w.l(entry2.o)
    0x0800019c   0x0800019c   0x00000024   Code   RO            4    .text               startup_stm32f407xx.o
    0x080001c0   0x080001c0   0x00000062   Code   RO          988    .text               mc_w.l(uldiv.o)
    0x08000222   0x08000222   0x00000024   Code   RO          990    .text               mc_w.l(memseta.o)
    0x08000246   0x08000246   0x0000001e   Code   RO         1034    .text               mc_w.l(llshl.o)
    0x08000264   0x08000264   0x00000020   Code   RO         1036    .text               mc_w.l(llushr.o)
    0x08000284   0x08000284   0x00000024   Code   RO         1044    .text               mc_w.l(init.o)
    0x080002a8   0x080002a8   0x0000006c   Code   RO          801    i.AD9833_Create     ad9833.o
    0x08000314   0x08000314   0x00000068   Code   RO          803    i.AD9833_GPIO_init  ad9833.o
    0x0800037c   0x0800037c   0x0000003e   Code   RO          804    i.AD9833_Init       ad9833.o
    0x080003ba   0x080003ba   0x00000038   Code   RO          805    i.AD9833_SetFrequency  ad9833.o
    0x080003f2   0x080003f2   0x00000014   Code   RO          806    i.AD9833_SetPhase   ad9833.o
    0x08000406   0x08000406   0x0000000e   Code   RO          807    i.AD9833_WaveMode   ad9833.o
    0x08000414   0x08000414   0x0000005e   Code   RO          808    i.AD9833_WriteData  ad9833.o
    0x08000472   0x08000472   0x0000005c   Code   RO          809    i.Ad9833_SetWave    ad9833.o
    0x080004ce   0x080004ce   0x00000002   Code   RO          273    i.BusFault_Handler  stm32f4xx_it.o
    0x080004d0   0x080004d0   0x00000002   Code   RO          274    i.DebugMon_Handler  stm32f4xx_it.o
    0x080004d2   0x080004d2   0x00000036   Code   RO          955    i.Delay_ms          delay.o
    0x08000508   0x08000508   0x00000038   Code   RO          956    i.Delay_us          delay.o
    0x08000540   0x08000540   0x00000020   Code   RO          810    i.FSYNC_High        ad9833.o
    0x08000560   0x08000560   0x00000024   Code   RO          811    i.FSYNC_Low         ad9833.o
    0x08000584   0x08000584   0x00000002   Code   RO          275    i.HardFault_Handler  stm32f4xx_it.o
    0x08000586   0x08000586   0x00000136   Code   RO          373    i.LL_GPIO_Init      stm32f4xx_ll_gpio.o
    0x080006bc   0x080006bc   0x0000001a   Code   RO          638    i.LL_Init1msTick    stm32f4xx_ll_utils.o
    0x080006d6   0x080006d6   0x00000020   Code   RO          541    i.LL_RCC_GetSystemClocksFreq  stm32f4xx_ll_rcc.o
    0x080006f6   0x080006f6   0x00000002   PAD
    0x080006f8   0x080006f8   0x0000000c   Code   RO          643    i.LL_SetSystemCoreClock  stm32f4xx_ll_utils.o
    0x08000704   0x08000704   0x000000a0   Code   RO          427    i.LL_USART_Init     stm32f4xx_ll_usart.o
    0x080007a4   0x080007a4   0x000000b0   Code   RO          428    i.LL_USART_SetBaudRate  stm32f4xx_ll_usart.o
    0x08000854   0x08000854   0x000000e8   Code   RO          227    i.MX_USART1_UART_Init  usart.o
    0x0800093c   0x0800093c   0x00000002   Code   RO          276    i.MemManage_Handler  stm32f4xx_it.o
    0x0800093e   0x0800093e   0x00000002   Code   RO          277    i.NMI_Handler       stm32f4xx_it.o
    0x08000940   0x08000940   0x00000002   Code   RO          278    i.PendSV_Handler    stm32f4xx_it.o
    0x08000942   0x08000942   0x00000002   PAD
    0x08000944   0x08000944   0x0000001c   Code   RO          544    i.RCC_GetHCLKClockFreq  stm32f4xx_ll_rcc.o
    0x08000960   0x08000960   0x0000001c   Code   RO          545    i.RCC_GetPCLK1ClockFreq  stm32f4xx_ll_rcc.o
    0x0800097c   0x0800097c   0x0000001c   Code   RO          546    i.RCC_GetPCLK2ClockFreq  stm32f4xx_ll_rcc.o
    0x08000998   0x08000998   0x0000002c   Code   RO          547    i.RCC_GetSystemClockFreq  stm32f4xx_ll_rcc.o
    0x080009c4   0x080009c4   0x00000050   Code   RO          550    i.RCC_PLL_GetFreqDomain_SYS  stm32f4xx_ll_rcc.o
    0x08000a14   0x08000a14   0x0000000e   Code   RO          812    i.SCLK              ad9833.o
    0x08000a22   0x08000a22   0x0000000e   Code   RO          813    i.SDATA             ad9833.o
    0x08000a30   0x08000a30   0x00000002   Code   RO          279    i.SVC_Handler       stm32f4xx_it.o
    0x08000a32   0x08000a32   0x00000002   PAD
    0x08000a34   0x08000a34   0x00000018   Code   RO          906    i.Serial_GetRxFlag  serial.o
    0x08000a4c   0x08000a4c   0x00000002   Code   RO          280    i.SysTick_Handler   stm32f4xx_it.o
    0x08000a4e   0x08000a4e   0x00000002   PAD
    0x08000a50   0x08000a50   0x000000d0   Code   RO           14    i.SystemClock_Config  main.o
    0x08000b20   0x08000b20   0x00000010   Code   RO          764    i.SystemInit        system_stm32f4xx.o
    0x08000b30   0x08000b30   0x00000004   Code   RO          281    i.USART1_IRQHandler  stm32f4xx_it.o
    0x08000b34   0x08000b34   0x00000060   Code   RO          907    i.USART1_IRQ_Task   serial.o
    0x08000b94   0x08000b94   0x00000002   Code   RO          908    i.USART_ComandTask  serial.o
    0x08000b96   0x08000b96   0x00000002   Code   RO          282    i.UsageFault_Handler  stm32f4xx_it.o
    0x08000b98   0x08000b98   0x0000000e   Code   RO         1048    i.__scatterload_copy  mc_w.l(handlers.o)
    0x08000ba6   0x08000ba6   0x00000002   Code   RO         1049    i.__scatterload_null  mc_w.l(handlers.o)
    0x08000ba8   0x08000ba8   0x0000000e   Code   RO         1050    i.__scatterload_zeroinit  mc_w.l(handlers.o)
    0x08000bb6   0x08000bb6   0x00000002   PAD
    0x08000bb8   0x08000bb8   0x000000c0   Code   RO           15    i.main              main.o
    0x08000c78   0x08000c78   0x0000006c   Code   RO          993    i.malloc            mc_w.l(malloc.o)
    0x08000ce4   0x08000ce4   0x00000010   Data   RO          765    .constdata          system_stm32f4xx.o
    0x08000cf4   0x08000cf4   0x00000008   Data   RO          766    .constdata          system_stm32f4xx.o
    0x08000cfc   0x08000cfc   0x00000020   Data   RO         1046    Region$$Table       anon$$obj.o


    Execution Region RW_IRAM1 (Exec base: 0x20000000, Load base: 0x08000d1c, Size: 0x00000638, Max: 0x0001c000, ABSOLUTE)

    Exec Addr    Load Addr    Size         Type   Attr      Idx    E Section Name        Object

    0x20000000   0x08000d1c   0x00000004   Data   RW          767    .data               system_stm32f4xx.o
    0x20000004   0x08000d20   0x00000020   Data   RW          814    .data               ad9833.o
    0x20000024   0x08000d40   0x00000008   Data   RW          909    .data               serial.o
    0x2000002c   0x08000d48   0x00000004   Data   RW         1042    .data               mc_w.l(mvars.o)
    0x20000030   0x08000d4c   0x00000004   Data   RW         1043    .data               mc_w.l(mvars.o)
    0x20000034   0x08000d50   0x00000004   PAD
    0x20000038        -       0x00000200   Zero   RW            2    HEAP                startup_stm32f407xx.o
    0x20000238        -       0x00000400   Zero   RW            1    STACK               startup_stm32f407xx.o


    Execution Region RW_IRAM2 (Exec base: 0x2001c000, Load base: 0x08000d50, Size: 0x00000000, Max: 0x00004000, ABSOLUTE)

    **** No section assigned to this execution region ****


==============================================================================

Image component sizes


      Code (inc. data)   RO Data    RW Data    ZI Data      Debug   Object Name

       646         26          0         32          0      20098   ad9833.o
       110          0          0          0          0       1170   delay.o
         0          0          0          0          0     584516   gpio.o
       400         52          0          0          0     635321   main.o
       122         12          0          8          0      15204   serial.o
        36          8        392          0       1536        832   startup_stm32f407xx.o
        22          0          0          0          0       5058   stm32f4xx_it.o
       310          0          0          0          0       7167   stm32f4xx_ll_gpio.o
       240         52          0          0          0      27739   stm32f4xx_ll_rcc.o
       336         24          0          0          0      16368   stm32f4xx_ll_usart.o
        38          6          0          0          0       8661   stm32f4xx_ll_utils.o
        16          4         24          4          0       1115   system_stm32f4xx.o
       232         20          0          0          0      53437   usart.o

    ----------------------------------------------------------------------
      2516        204        448         44       1536    1376686   Object Totals
         0          0         32          0          0          0   (incl. Generated)
         8          0          0          0          0          0   (incl. Padding)

    ----------------------------------------------------------------------

      Code (inc. data)   RO Data    RW Data    ZI Data      Debug   Library Member Name

         0          0          0          0          0          0   entry.o
         0          0          0          0          0          0   entry10a.o
         0          0          0          0          0          0   entry11a.o
         8          4          0          0          0          0   entry2.o
         4          0          0          0          0          0   entry5.o
         0          0          0          0          0          0   entry7b.o
         0          0          0          0          0          0   entry8b.o
         8          4          0          0          0          0   entry9a.o
        30          0          0          0          0          0   handlers.o
        36          8          0          0          0         68   init.o
        30          0          0          0          0         68   llshl.o
        32          0          0          0          0         68   llushr.o
       108         16          0          0          0         84   malloc.o
        36          0          0          0          0        108   memseta.o
         0          0          0          8          0          0   mvars.o
        98          0          0          0          0         92   uldiv.o

    ----------------------------------------------------------------------
       392         32          0          8          4        488   Library Totals
         2          0          0          0          4          0   (incl. Padding)

    ----------------------------------------------------------------------

      Code (inc. data)   RO Data    RW Data    ZI Data      Debug   Library Name

       390         32          0          8          0        488   mc_w.l

    ----------------------------------------------------------------------
       392         32          0          8          4        488   Library Totals

    ----------------------------------------------------------------------

==============================================================================


      Code (inc. data)   RO Data    RW Data    ZI Data      Debug   

      2908        236        448         52       1540    1373722   Grand Totals
      2908        236        448         52       1540    1373722   ELF Image Totals
      2908        236        448         52          0          0   ROM Totals

==============================================================================

    Total RO  Size (Code + RO Data)                 3356 (   3.28kB)
    Total RW  Size (RW Data + ZI Data)              1592 (   1.55kB)
    Total ROM Size (Code + RO Data + RW Data)       3408 (   3.33kB)

==============================================================================

